// Jest Snapshot v1, https://goo.gl/fbAQLP

exports[`Dropdown should render Dropdown correctly 1`] = `
.c0 {
  width: 200px;
}

.c1 {
  width: 150px;
}

<div>
  <div
    class="c0"
  >
    <label>
      label
    </label>
    <select
      class="c1"
    >
      <option
        value="1"
      >
        1
      </option>
      <option
        value="2"
      >
        2
      </option>
      <option
        value="3"
      >
        3
      </option>
      <option
        value="4"
      >
        4
      </option>
      <option
        value="5"
      >
        5
      </option>
      <option
        value="6"
      >
        6
      </option>
      <option
        value="7"
      >
        7
      </option>
      <option
        value="8"
      >
        8
      </option>
      <option
        value="9"
      >
        9
      </option>
    </select>
  </div>
</div>
`;
