// Jest Snapshot v1, https://goo.gl/fbAQLP

exports[`SubmitEntry should render SubmitEntry correctly 1`] = `
.c0 {
  margin-top: 15vh;
  width: 100%;
  height: 100%;
  display: -webkit-box;
  display: -webkit-flex;
  display: -ms-flexbox;
  display: flex;
  -webkit-box-pack: center;
  -webkit-justify-content: center;
  -ms-flex-pack: center;
  justify-content: center;
  -webkit-align-content: center;
  -ms-flex-line-pack: center;
  align-content: center;
}

.c1 {
  width: 50vw;
}

.c2 {
  font-family: Helvetica;
  font-size: 16px;
  background-color: rgba(255,255,255,0.7);
  padding: 20px;
  line-height: 150%;
  margin: 0;
}

.c4 {
  padding-left: 20px;
}

.c5 {
  margin: 0;
}

.c3 {
  display: -webkit-box;
  display: -webkit-flex;
  display: -ms-flexbox;
  display: flex;
  font-weight: bold;
  font-size: 18px;
  -webkit-box-pack: center;
  -webkit-justify-content: center;
  -ms-flex-pack: center;
  justify-content: center;
}

@media screen and (max-width:600px) {
  .c1 {
    width: 100vw;
  }
}

<div>
  <div
    class="c0"
    data-testid="submit-entry-container"
  >
    <div
      class="c1"
    >
      <p
        class="c2"
      >
        Please submit your entries by 
        <b>
          3pm Good Friday
        </b>
        , stating who has entered which egg, to:
        

        <p
          class="c3"
        >
          eastereggcompetition@gmail.com
        </p>
        <ul
          class="c4"
        >
          <li
            class="c5"
          >
            Photos and videos must be 
            <b>
              landscape
            </b>
          </li>
          <li
            class="c5"
          >
            Only a total of 3 photos and videos, e.g. 1 video & 2 photos OR 3 photos
          </li>
          <li
            class="c5"
          >
            Repeat entries will be disqualified
          </li>
        </ul>
        Voting to take place on Easter Sunday morning. Entries will be available for viewing from Saturday Morning. There are 5 votes per person.
        

        The winner will be announced 
        <b>
          12 noon Easter Sunday
        </b>
      </p>
    </div>
  </div>
</div>
`;
