// Jest Snapshot v1, https://goo.gl/fbAQLP

exports[`Votes should render Votes correctly 1`] = `
.c1 {
  width: 200px;
}

.c2 {
  width: 150px;
}

.c0 {
  margin-left: 200px;
}

<div>
  <div
    class="c0"
  >
    <p>
      You get 
      <b>
        5
      </b>
       votes, use them wisely!
    </p>
    <form>
      <div
        class="c1"
      >
        <label>
          My favourite
        </label>
        <select
          class="c2"
        >
          <option
            value="1"
          >
            1
          </option>
          <option
            value="2"
          >
            2
          </option>
          <option
            value="3"
          >
            3
          </option>
          <option
            value="4"
          >
            4
          </option>
          <option
            value="5"
          >
            5
          </option>
          <option
            value="6"
          >
            6
          </option>
          <option
            value="7"
          >
            7
          </option>
          <option
            value="8"
          >
            8
          </option>
          <option
            value="9"
          >
            9
          </option>
        </select>
      </div>
      <div
        class="c1"
      >
        <label>
          I loved this
        </label>
        <select
          class="c2"
        >
          <option
            value="1"
          >
            1
          </option>
          <option
            value="2"
          >
            2
          </option>
          <option
            value="3"
          >
            3
          </option>
          <option
            value="4"
          >
            4
          </option>
          <option
            value="5"
          >
            5
          </option>
          <option
            value="6"
          >
            6
          </option>
          <option
            value="7"
          >
            7
          </option>
          <option
            value="8"
          >
            8
          </option>
          <option
            value="9"
          >
            9
          </option>
        </select>
      </div>
      <div
        class="c1"
      >
        <label>
          This too
        </label>
        <select
          class="c2"
        >
          <option
            value="1"
          >
            1
          </option>
          <option
            value="2"
          >
            2
          </option>
          <option
            value="3"
          >
            3
          </option>
          <option
            value="4"
          >
            4
          </option>
          <option
            value="5"
          >
            5
          </option>
          <option
            value="6"
          >
            6
          </option>
          <option
            value="7"
          >
            7
          </option>
          <option
            value="8"
          >
            8
          </option>
          <option
            value="9"
          >
            9
          </option>
        </select>
      </div>
      <div
        class="c1"
      >
        <label>
          I thought this was good
        </label>
        <select
          class="c2"
        >
          <option
            value="1"
          >
            1
          </option>
          <option
            value="2"
          >
            2
          </option>
          <option
            value="3"
          >
            3
          </option>
          <option
            value="4"
          >
            4
          </option>
          <option
            value="5"
          >
            5
          </option>
          <option
            value="6"
          >
            6
          </option>
          <option
            value="7"
          >
            7
          </option>
          <option
            value="8"
          >
            8
          </option>
          <option
            value="9"
          >
            9
          </option>
        </select>
      </div>
      <div
        class="c1"
      >
        <label>
          Okay, I guess...
        </label>
        <select
          class="c2"
        >
          <option
            value="1"
          >
            1
          </option>
          <option
            value="2"
          >
            2
          </option>
          <option
            value="3"
          >
            3
          </option>
          <option
            value="4"
          >
            4
          </option>
          <option
            value="5"
          >
            5
          </option>
          <option
            value="6"
          >
            6
          </option>
          <option
            value="7"
          >
            7
          </option>
          <option
            value="8"
          >
            8
          </option>
          <option
            value="9"
          >
            9
          </option>
        </select>
      </div>
      <input
        type="submit"
      />
    </form>
  </div>
</div>
`;
